docker : #0 building with "desktop-linux" instance using docker driver
At line:1 char:1
+ docker build ./backend --progress=plain 2>&1 | Tee-Object -FilePath " ...
+ ~~~~~~~~~~~~~~~~~~~~~~~~~~~~~~~~~~~~~~~~~~~~
    + CategoryInfo          : NotSpecified: (#0 building wit...g docker driver:String) [], RemoteException
    + FullyQualifiedErrorId : NativeCommandError
 

#1 [internal] load build definition from Dockerfile
#1 transferring dockerfile: 821B done
#1 DONE 0.0s

#2 [internal] load metadata for docker.io/library/python:3.11-slim
#2 DONE 0.0s

#3 [internal] load .dockerignore
#3 transferring context: 2B done
#3 DONE 0.0s

#4 [internal] load build context
#4 transferring context: 2.29kB done
#4 DONE 0.0s

#5 [1/7] FROM 
docker.io/library/python:3.11-slim@sha256:cdbd05fb6f457ca275ff51ce00d93d865ca0b6a25f5ffb08262d94f6835771e5
#5 resolve docker.io/library/python:3.11-slim@sha256:cdbd05fb6f457ca275ff51ce00d93d865ca0b6a25f5ffb08262d94f6835771e5 
0.0s done
#5 DONE 0.0s

#6 [5/7] RUN pip install --no-cache-dir -r requirements.txt
#6 CACHED

#7 [6/7] RUN python -c "import os, glob, prophet; stan_model_dir = os.path.join(os.path.dirname(prophet.__file__), 
'stan_model'); [open(os.path.join(d, 'makefile'), 'a').close() for d in glob.glob(os.path.join(stan_model_dir, 
'cmdstan-*'))]"
#7 CACHED

#8 [2/7] WORKDIR /app
#8 CACHED

#9 [3/7] RUN apt-get update && apt-get install -y     gcc g++ curl libpq-dev     && rm -rf /var/lib/apt/lists/*
#9 CACHED

#10 [4/7] COPY requirements.txt .
#10 CACHED

#11 [7/7] COPY . .
#11 CACHED

#12 exporting to image
#12 exporting layers done
#12 exporting manifest sha256:d20c372639e0326a338e31de27c35777f73b3c5891577405c73a28840273b4dd done
#12 exporting config sha256:cd889c548377d6aba1d3fc14c50d199a529af6f6a24fd60048b72fd5b665818c done
#12 exporting attestation manifest sha256:de170e91bfee4cef81327d8d0b2274639f17c6eb72e267642943c07200ffda4b 0.0s done
#12 exporting manifest list sha256:e13a0ef02c4e654cd2f0de7e2b3e0a147360701410faf1c7fd6e73389fb2e8ff 0.0s done
#12 naming to moby-dangling@sha256:e13a0ef02c4e654cd2f0de7e2b3e0a147360701410faf1c7fd6e73389fb2e8ff done
#12 unpacking to moby-dangling@sha256:e13a0ef02c4e654cd2f0de7e2b3e0a147360701410faf1c7fd6e73389fb2e8ff 0.0s done
#12 DONE 0.2s

View build details: docker-desktop://dashboard/build/desktop-linux/desktop-linux/opy7hy597nlwdqjnsrl4f8unl
